2024-10-28 09:21:48,531 - Main - INFO - Start
2024-10-28 09:21:50,267 - APIFunctions - INFO - VIN not present in ticket description
2024-10-28 09:21:50,267 - APIFunctions - INFO - VIN not present in ticket description
2024-10-28 09:21:50,268 - APIFunctions - INFO - VIN not present in ticket description
2024-10-28 09:21:50,268 - APIFunctions - INFO - VIN not present in ticket description
2024-10-28 09:21:50,268 - APIFunctions - INFO - Jira tickets list:
2024-10-28 09:21:50,268 - APIFunctions - INFO - {'key': 'AUDIIND-636', 'imei': ['355105400983563'], 'vin': 'NA'}
2024-10-28 09:21:50,270 - APIFunctions - INFO - {'key': 'AUDIIND-635', 'imei': ['355105401849102'], 'vin': 'NA'}
2024-10-28 09:21:50,270 - APIFunctions - INFO - {'key': 'AUDIIND-634', 'imei': ['355105400946024'], 'vin': 'NA'}
2024-10-28 09:21:50,270 - APIFunctions - INFO - {'key': 'AUDIIND-633', 'imei': ['355105400954473'], 'vin': 'NA'}
2024-10-28 09:21:50,272 - Main - INFO - 4 tickets to process
2024-10-28 09:21:51,980 - APIFunctions - INFO - Cerence Token generated.
2024-10-28 09:21:51,981 - APIFunctions - INFO - {'key': 'AUDIIND-636', 'imei': ['355105400983563'], 'vin': 'NA'}
2024-10-28 09:21:51,981 - APIFunctions - INFO - 355105400983563
2024-10-28 09:21:54,220 - APIFunctions - INFO - Last seen received for 355105400983563
2024-10-28 09:21:55,418 - APIFunctions - INFO - Device status received for 355105400983563
2024-10-28 09:21:56,619 - APIFunctions - INFO - User details received for 355105400983563
2024-10-28 09:21:56,621 - APIFunctions - INFO - {'key': 'AUDIIND-635', 'imei': ['355105401849102'], 'vin': 'NA'}
2024-10-28 09:21:56,622 - APIFunctions - INFO - 355105401849102
2024-10-28 09:21:57,801 - APIFunctions - INFO - {'key': 'AUDIIND-634', 'imei': ['355105400946024'], 'vin': 'NA'}
2024-10-28 09:21:57,801 - APIFunctions - INFO - 355105400946024
2024-10-28 09:21:59,852 - APIFunctions - INFO - Last seen received for 355105400946024
2024-10-28 09:22:00,900 - APIFunctions - INFO - Device status received for 355105400946024
2024-10-28 09:22:01,932 - APIFunctions - INFO - User details received for 355105400946024
2024-10-28 09:22:01,935 - APIFunctions - INFO - {'key': 'AUDIIND-633', 'imei': ['355105400954473'], 'vin': 'NA'}
2024-10-28 09:22:01,935 - APIFunctions - INFO - 355105400954473
2024-10-28 09:22:02,994 - APIFunctions - INFO - Preliminary analysis details for AUDIIND-636 are below
2024-10-28 09:22:02,994 - APIFunctions - INFO - {'imei': '355105400983563', 'state': 'USER_MAPPED', 'iccid': '8991900991298664205F', 'deviceType': 'ICE', 'firmware': '1.0.0.6', 'vin': 'WAUZHLF25LY000718', 'carId': '9c0e1a59-29d4-4cc4-93a7-38044be834e4', 'dealerName': 'Audi Gurugram', 'dealerCode': '30408', 'lastSeen': datetime.datetime(2024, 10, 28, 8, 57, 37, tzinfo=datetime.timezone(datetime.timedelta(seconds=19800))), 'status': 'sleep', 'firstName': 'Navdeep', 'email': 'navdeepchhabra@hotmail.com', 'phone': '+917045000088', 'jiraTicket': 'AUDIIND-636'}
2024-10-28 09:22:03,978 - APIFunctions - INFO - Preliminary analysis added in AUDIIND-636.
2024-10-28 09:22:03,981 - APIFunctions - INFO - Preliminary analysis details for AUDIIND-635 are below
2024-10-28 09:22:03,981 - APIFunctions - INFO - {'imei': '355105401849102', 'state': 'VIN_MAPPED', 'iccid': '8991900992444289103F', 'deviceType': 'ICE', 'firmware': '1.0.0.06', 'vin': 'WAUZERF38RY701363', 'carId': 'e2f0e29f-ba01-4d74-8895-64193fdca557', 'dealerName': 'Audi Service Mumbai South', 'dealerCode': '32002', 'lastSeen': 'NA', 'status': 'NA', 'firstName': 'NA', 'email': 'NA', 'phone': 'NA', 'jiraTicket': 'AUDIIND-635'}
2024-10-28 09:22:04,986 - APIFunctions - INFO - Preliminary analysis added in AUDIIND-635.
2024-10-28 09:22:04,989 - APIFunctions - INFO - Preliminary analysis details for AUDIIND-634 are below
2024-10-28 09:22:04,989 - APIFunctions - INFO - {'imei': '355105400946024', 'state': 'USER_MAPPED', 'iccid': '8991900991378902673F', 'deviceType': 'ICE', 'firmware': '1.0.0.6', 'vin': 'WAUZGPF39PY700816', 'carId': '92a2f6ca-2e23-4b7f-b5e4-7d359f599f3b', 'dealerName': 'Audi Service Bengaluru', 'dealerCode': '30203', 'lastSeen': datetime.datetime(2024, 10, 28, 7, 17, 20, tzinfo=datetime.timezone(datetime.timedelta(seconds=19800))), 'status': 'sleep', 'firstName': 'Swapna', 'email': 'swapna_t@audibengaluru.in', 'phone': '+919741488045', 'jiraTicket': 'AUDIIND-634'}
2024-10-28 09:22:06,208 - APIFunctions - INFO - Preliminary analysis added in AUDIIND-634.
2024-10-28 09:22:06,211 - APIFunctions - INFO - Preliminary analysis details for AUDIIND-633 are below
2024-10-28 09:22:06,211 - APIFunctions - INFO - {'imei': '355105400954473', 'state': 'VIN_MAPPED', 'iccid': '8991900991298738298F', 'deviceType': 'ICE', 'firmware': '1.0.0.6', 'vin': 'WAUZBMF42MY700481', 'carId': '44da3202-8ce3-41a9-8318-81f92d12ce4c', 'dealerName': 'Audi Hyderabad', 'dealerCode': '30104', 'lastSeen': 'NA', 'status': 'NA', 'firstName': 'NA', 'email': 'NA', 'phone': 'NA', 'jiraTicket': 'AUDIIND-633'}
2024-10-28 09:22:07,497 - APIFunctions - INFO - Preliminary analysis added in AUDIIND-633.
2024-10-28 09:22:08,644 - APIFunctions - INFO - Ticket status changes for AUDIIND-636.
2024-10-28 09:22:09,727 - APIFunctions - INFO - Ticket status changes for AUDIIND-635.
2024-10-28 09:22:10,911 - APIFunctions - INFO - Ticket status changes for AUDIIND-634.
2024-10-28 09:22:11,973 - APIFunctions - INFO - Ticket status changes for AUDIIND-633.
2024-10-28 09:22:13,514 - APIFunctions - INFO - Ticket assignee is changed for AUDIIND-636.
2024-10-28 09:22:14,433 - APIFunctions - INFO - Ticket assignee is changed for AUDIIND-635.
2024-10-28 09:22:15,298 - APIFunctions - INFO - Ticket assignee is changed for AUDIIND-634.
2024-10-28 09:22:16,088 - APIFunctions - INFO - Ticket assignee is changed for AUDIIND-633.
