2024-12-20 12:41:58,439 - Main - INFO - Start
2024-12-20 12:42:00,889 - APIFunctions - INFO - VIN not present in ticket description
2024-12-20 12:42:00,890 - APIFunctions - INFO - VIN not present in ticket description
2024-12-20 12:42:00,890 - APIFunctions - INFO - VIN not present in ticket description
2024-12-20 12:42:00,890 - APIFunctions - INFO - VIN not present in ticket description
2024-12-20 12:42:00,891 - APIFunctions - INFO - VIN not present in ticket description
2024-12-20 12:42:00,891 - APIFunctions - INFO - VIN not present in ticket description
2024-12-20 12:42:00,891 - APIFunctions - INFO - VIN not present in ticket description
2024-12-20 12:42:00,902 - APIFunctions - INFO - VIN not present in ticket description
2024-12-20 12:42:00,903 - APIFunctions - INFO - VIN not present in ticket description
2024-12-20 12:42:00,904 - APIFunctions - INFO - Jira tickets list:
2024-12-20 12:42:00,904 - APIFunctions - INFO - {'key': 'AUDIIND-718', 'imei': ['355105401636749'], 'vin': 'NA'}
2024-12-20 12:42:00,905 - APIFunctions - INFO - {'key': 'AUDIIND-717', 'imei': ['355105401636624'], 'vin': 'NA'}
2024-12-20 12:42:00,905 - APIFunctions - INFO - {'key': 'AUDIIND-716', 'imei': ['355105401636434'], 'vin': 'NA'}
2024-12-20 12:42:00,905 - APIFunctions - INFO - {'key': 'AUDIIND-715', 'imei': ['355105401610629'], 'vin': 'NA'}
2024-12-20 12:42:00,905 - APIFunctions - INFO - {'key': 'AUDIIND-714', 'imei': ['355105401599806'], 'vin': 'NA'}
2024-12-20 12:42:00,906 - APIFunctions - INFO - {'key': 'AUDIIND-713', 'imei': ['355105401599319'], 'vin': 'NA'}
2024-12-20 12:42:00,906 - APIFunctions - INFO - {'key': 'AUDIIND-712', 'imei': ['355105401597065'], 'vin': 'NA'}
2024-12-20 12:42:00,906 - APIFunctions - INFO - {'key': 'AUDIIND-711', 'imei': ['355105401589088'], 'vin': 'NA'}
2024-12-20 12:42:00,906 - APIFunctions - INFO - {'key': 'AUDIIND-710', 'imei': ['355105401584097'], 'vin': 'NA'}
2024-12-20 12:42:00,912 - Main - INFO - 9 tickets to process
2024-12-20 12:42:01,451 - APIFunctions - INFO - Cerence Token generated.
2024-12-20 12:42:01,453 - APIFunctions - INFO - {'key': 'AUDIIND-718', 'imei': ['355105401636749'], 'vin': 'NA'}
2024-12-20 12:42:01,453 - APIFunctions - INFO - 355105401636749
2024-12-20 12:42:01,605 - APIFunctions - INFO - {'key': 'AUDIIND-717', 'imei': ['355105401636624'], 'vin': 'NA'}
2024-12-20 12:42:01,605 - APIFunctions - INFO - 355105401636624
2024-12-20 12:42:01,778 - APIFunctions - INFO - {'key': 'AUDIIND-716', 'imei': ['355105401636434'], 'vin': 'NA'}
2024-12-20 12:42:01,779 - APIFunctions - INFO - 355105401636434
2024-12-20 12:42:01,956 - APIFunctions - INFO - {'key': 'AUDIIND-715', 'imei': ['355105401610629'], 'vin': 'NA'}
2024-12-20 12:42:01,957 - APIFunctions - INFO - 355105401610629
2024-12-20 12:42:02,130 - APIFunctions - INFO - {'key': 'AUDIIND-714', 'imei': ['355105401599806'], 'vin': 'NA'}
2024-12-20 12:42:02,131 - APIFunctions - INFO - 355105401599806
2024-12-20 12:42:02,305 - APIFunctions - INFO - {'key': 'AUDIIND-713', 'imei': ['355105401599319'], 'vin': 'NA'}
2024-12-20 12:42:02,305 - APIFunctions - INFO - 355105401599319
2024-12-20 12:42:02,492 - APIFunctions - INFO - {'key': 'AUDIIND-712', 'imei': ['355105401597065'], 'vin': 'NA'}
2024-12-20 12:42:02,492 - APIFunctions - INFO - 355105401597065
2024-12-20 12:42:02,655 - APIFunctions - INFO - {'key': 'AUDIIND-711', 'imei': ['355105401589088'], 'vin': 'NA'}
2024-12-20 12:42:02,655 - APIFunctions - INFO - 355105401589088
2024-12-20 12:42:02,832 - APIFunctions - INFO - {'key': 'AUDIIND-710', 'imei': ['355105401584097'], 'vin': 'NA'}
2024-12-20 12:42:02,833 - APIFunctions - INFO - 355105401584097
2024-12-20 12:42:03,016 - APIFunctions - INFO - Preliminary analysis details for AUDIIND-718 are below
2024-12-20 12:42:03,016 - APIFunctions - INFO - {'imei': '355105401636749', 'state': 'EXPIRED', 'iccid': '8991900992443883120F', 'deviceType': 'ICE', 'firmware': '1.0.0.06', 'vin': 'NA', 'carId': 'NA', 'dealerName': 'Audi Service Chennai', 'dealerCode': '30705', 'lastSeen': 'NA', 'status': 'NA', 'firstName': 'NA', 'email': 'NA', 'phone': 'NA', 'jiraTicket': 'AUDIIND-718'}
2024-12-20 12:42:05,149 - APIFunctions - INFO - Preliminary analysis added in AUDIIND-718.
2024-12-20 12:42:05,153 - APIFunctions - INFO - Preliminary analysis details for AUDIIND-717 are below
2024-12-20 12:42:05,154 - APIFunctions - INFO - {'imei': '355105401636624', 'state': 'EXPIRED', 'iccid': '8991900992443843942F', 'deviceType': 'ICE', 'firmware': '1.0.0.06', 'vin': 'NA', 'carId': 'NA', 'dealerName': 'Audi Service Chennai', 'dealerCode': '30705', 'lastSeen': 'NA', 'status': 'NA', 'firstName': 'NA', 'email': 'NA', 'phone': 'NA', 'jiraTicket': 'AUDIIND-717'}
2024-12-20 12:42:06,308 - APIFunctions - INFO - Preliminary analysis added in AUDIIND-717.
2024-12-20 12:42:06,311 - APIFunctions - INFO - Preliminary analysis details for AUDIIND-716 are below
2024-12-20 12:42:06,311 - APIFunctions - INFO - {'imei': '355105401636434', 'state': 'EXPIRED', 'iccid': '8991900992443844403F', 'deviceType': 'ICE', 'firmware': '1.0.0.06', 'vin': 'NA', 'carId': 'NA', 'dealerName': 'Audi Service Chennai', 'dealerCode': '30705', 'lastSeen': 'NA', 'status': 'NA', 'firstName': 'NA', 'email': 'NA', 'phone': 'NA', 'jiraTicket': 'AUDIIND-716'}
2024-12-20 12:42:07,657 - APIFunctions - INFO - Preliminary analysis added in AUDIIND-716.
2024-12-20 12:42:07,660 - APIFunctions - INFO - Preliminary analysis details for AUDIIND-715 are below
2024-12-20 12:42:07,661 - APIFunctions - INFO - {'imei': '355105401610629', 'state': 'EXPIRED', 'iccid': '8991900992443879086F', 'deviceType': 'ICE', 'firmware': '1.0.0.06', 'vin': 'NA', 'carId': 'NA', 'dealerName': 'Audi Service Chennai', 'dealerCode': '30705', 'lastSeen': 'NA', 'status': 'NA', 'firstName': 'NA', 'email': 'NA', 'phone': 'NA', 'jiraTicket': 'AUDIIND-715'}
2024-12-20 12:42:09,280 - APIFunctions - INFO - Preliminary analysis added in AUDIIND-715.
2024-12-20 12:42:09,283 - APIFunctions - INFO - Preliminary analysis details for AUDIIND-714 are below
2024-12-20 12:42:09,283 - APIFunctions - INFO - {'imei': '355105401599806', 'state': 'EXPIRED', 'iccid': '8991900991378958865F', 'deviceType': 'ICE', 'firmware': '1.0.0.06', 'vin': 'NA', 'carId': 'NA', 'dealerName': 'Audi Service Chennai', 'dealerCode': '30705', 'lastSeen': 'NA', 'status': 'NA', 'firstName': 'NA', 'email': 'NA', 'phone': 'NA', 'jiraTicket': 'AUDIIND-714'}
2024-12-20 12:42:10,705 - APIFunctions - INFO - Preliminary analysis added in AUDIIND-714.
2024-12-20 12:42:10,708 - APIFunctions - INFO - Preliminary analysis details for AUDIIND-713 are below
2024-12-20 12:42:10,709 - APIFunctions - INFO - {'imei': '355105401599319', 'state': 'EXPIRED', 'iccid': '8991900991378958469F', 'deviceType': 'ICE', 'firmware': '1.0.0.06', 'vin': 'NA', 'carId': 'NA', 'dealerName': 'Audi Service Chennai', 'dealerCode': '30705', 'lastSeen': 'NA', 'status': 'NA', 'firstName': 'NA', 'email': 'NA', 'phone': 'NA', 'jiraTicket': 'AUDIIND-713'}
2024-12-20 12:42:12,120 - APIFunctions - INFO - Preliminary analysis added in AUDIIND-713.
2024-12-20 12:42:12,123 - APIFunctions - INFO - Preliminary analysis details for AUDIIND-712 are below
2024-12-20 12:42:12,124 - APIFunctions - INFO - {'imei': '355105401597065', 'state': 'EXPIRED', 'iccid': '8991900991378961687F', 'deviceType': 'ICE', 'firmware': '1.0.0.06', 'vin': 'NA', 'carId': 'NA', 'dealerName': 'Audi Service Chennai', 'dealerCode': '30705', 'lastSeen': 'NA', 'status': 'NA', 'firstName': 'NA', 'email': 'NA', 'phone': 'NA', 'jiraTicket': 'AUDIIND-712'}
2024-12-20 12:42:13,619 - APIFunctions - INFO - Preliminary analysis added in AUDIIND-712.
2024-12-20 12:42:13,625 - APIFunctions - INFO - Preliminary analysis details for AUDIIND-711 are below
2024-12-20 12:42:13,625 - APIFunctions - INFO - {'imei': '355105401589088', 'state': 'EXPIRED', 'iccid': '8991900991378968500F', 'deviceType': 'ICE', 'firmware': '1.0.0.06', 'vin': 'NA', 'carId': 'NA', 'dealerName': 'Audi Service Chennai', 'dealerCode': '30705', 'lastSeen': 'NA', 'status': 'NA', 'firstName': 'NA', 'email': 'NA', 'phone': 'NA', 'jiraTicket': 'AUDIIND-711'}
2024-12-20 12:42:14,878 - APIFunctions - INFO - Preliminary analysis added in AUDIIND-711.
2024-12-20 12:42:14,881 - APIFunctions - INFO - Preliminary analysis details for AUDIIND-710 are below
2024-12-20 12:42:14,882 - APIFunctions - INFO - {'imei': '355105401584097', 'state': 'EXPIRED', 'iccid': '8991900992443897625F', 'deviceType': 'ICE', 'firmware': '1.0.0.06', 'vin': 'NA', 'carId': 'NA', 'dealerName': 'Audi Service Chennai', 'dealerCode': '30705', 'lastSeen': 'NA', 'status': 'NA', 'firstName': 'NA', 'email': 'NA', 'phone': 'NA', 'jiraTicket': 'AUDIIND-710'}
2024-12-20 12:42:16,188 - APIFunctions - INFO - Preliminary analysis added in AUDIIND-710.
2024-12-20 12:42:17,246 - APIFunctions - INFO - Ticket status changes for AUDIIND-718.
2024-12-20 12:42:18,596 - APIFunctions - INFO - Ticket status changes for AUDIIND-717.
2024-12-20 12:42:19,624 - APIFunctions - INFO - Ticket status changes for AUDIIND-716.
2024-12-20 12:42:21,024 - APIFunctions - INFO - Ticket status changes for AUDIIND-715.
2024-12-20 12:42:22,184 - APIFunctions - INFO - Ticket status changes for AUDIIND-714.
2024-12-20 12:42:23,409 - APIFunctions - INFO - Ticket status changes for AUDIIND-713.
2024-12-20 12:42:24,435 - APIFunctions - INFO - Ticket status changes for AUDIIND-712.
2024-12-20 12:42:25,558 - APIFunctions - INFO - Ticket status changes for AUDIIND-711.
2024-12-20 12:42:27,038 - APIFunctions - INFO - Ticket status changes for AUDIIND-710.
2024-12-20 12:42:28,087 - APIFunctions - INFO - Ticket assignee is changed for AUDIIND-718.
2024-12-20 12:42:28,924 - APIFunctions - INFO - Ticket assignee is changed for AUDIIND-717.
2024-12-20 12:42:29,812 - APIFunctions - INFO - Ticket assignee is changed for AUDIIND-716.
2024-12-20 12:42:30,678 - APIFunctions - INFO - Ticket assignee is changed for AUDIIND-715.
2024-12-20 12:42:32,202 - APIFunctions - INFO - Ticket assignee is changed for AUDIIND-714.
2024-12-20 12:42:33,241 - APIFunctions - INFO - Ticket assignee is changed for AUDIIND-713.
2024-12-20 12:42:34,495 - APIFunctions - INFO - Ticket assignee is changed for AUDIIND-712.
2024-12-20 12:42:35,604 - APIFunctions - INFO - Ticket assignee is changed for AUDIIND-711.
2024-12-20 12:42:36,845 - APIFunctions - INFO - Ticket assignee is changed for AUDIIND-710.
