2025-03-03 09:41:53,795 - Main - INFO - Start
2025-03-03 09:41:55,437 - APIFunctions - INFO - VIN not present in ticket description
2025-03-03 09:41:55,438 - APIFunctions - INFO - Jira tickets list:
2025-03-03 09:41:55,439 - APIFunctions - INFO - {'key': 'AUDIIND-795', 'imei': ['355105401622111'], 'vin': 'WAUZHP4M8PY000746'}
2025-03-03 09:41:55,439 - APIFunctions - INFO - {'key': 'AUDIIND-794', 'imei': ['355105400969901'], 'vin': 'NA'}
2025-03-03 09:41:55,439 - APIFunctions - INFO - {'key': 'AUDIIND-793', 'imei': ['355105400949549'], 'vin': 'WAUZDK4M7KY000373'}
2025-03-03 09:41:55,442 - Main - INFO - 3 tickets to process
2025-03-03 09:41:56,379 - APIFunctions - INFO - Cerence Token generated.
2025-03-03 09:41:56,381 - APIFunctions - INFO - {'key': 'AUDIIND-795', 'imei': ['355105401622111'], 'vin': 'WAUZHP4M8PY000746'}
2025-03-03 09:41:56,381 - APIFunctions - INFO - 355105401622111
2025-03-03 09:41:56,716 - APIFunctions - INFO - Last seen received for 355105401622111
2025-03-03 09:41:57,036 - APIFunctions - INFO - Device status received for 355105401622111
2025-03-03 09:41:57,248 - APIFunctions - INFO - User details received for 355105401622111
2025-03-03 09:41:57,251 - APIFunctions - INFO - {'key': 'AUDIIND-794', 'imei': ['355105400969901'], 'vin': 'NA'}
2025-03-03 09:41:57,251 - APIFunctions - INFO - 355105400969901
2025-03-03 09:41:57,644 - APIFunctions - INFO - Last seen received for 355105400969901
2025-03-03 09:41:57,888 - APIFunctions - INFO - Device status received for 355105400969901
2025-03-03 09:41:58,136 - APIFunctions - INFO - User details received for 355105400969901
2025-03-03 09:41:58,140 - APIFunctions - INFO - {'key': 'AUDIIND-793', 'imei': ['355105400949549'], 'vin': 'WAUZDK4M7KY000373'}
2025-03-03 09:41:58,140 - APIFunctions - INFO - 355105400949549
2025-03-03 09:41:58,320 - APIFunctions - INFO - Preliminary analysis details for AUDIIND-795 are below
2025-03-03 09:41:58,320 - APIFunctions - INFO - {'imei': '355105401622111', 'state': 'USER_MAPPED', 'iccid': '8991900992443845673F', 'deviceType': 'ICE', 'firmware': '1.0.0.06', 'vin': 'WAUZHP4M8PY000746', 'carId': '37b53c0a-1ef4-43f6-9d3b-b309505e9de4', 'dealerName': 'Audi Kolkata ', 'dealerCode': '30209', 'lastSeen': datetime.datetime(2024, 11, 16, 18, 16, 6, tzinfo=datetime.timezone(datetime.timedelta(seconds=19800))), 'status': 'notReporting', 'firstName': 'Vinit', 'email': 'callvinit@hotmail.com', 'phone': '+919874832233', 'jiraTicket': 'AUDIIND-795'}
2025-03-03 09:41:59,355 - APIFunctions - INFO - Preliminary analysis added in AUDIIND-795.
2025-03-03 09:41:59,357 - APIFunctions - INFO - Preliminary analysis details for AUDIIND-794 are below
2025-03-03 09:41:59,357 - APIFunctions - INFO - {'imei': '355105400969901', 'state': 'USER_MAPPED', 'iccid': '8991900991298702476F', 'deviceType': 'ICE', 'firmware': '1.0.0.6', 'vin': 'WAUZANF48NY700446', 'carId': '7e6159a7-ceb6-4905-b3b5-63da01ba8767', 'dealerName': 'Audi Service Bengaluru', 'dealerCode': '30203', 'lastSeen': datetime.datetime(2025, 2, 28, 17, 25, 35, tzinfo=datetime.timezone(datetime.timedelta(seconds=19800))), 'status': 'notReporting', 'firstName': 'Anitha', 'email': 'anitha_keshavraj@jubilantmotorworks.com', 'phone': '+919911199294', 'jiraTicket': 'AUDIIND-794'}
2025-03-03 09:42:00,559 - APIFunctions - INFO - Preliminary analysis added in AUDIIND-794.
2025-03-03 09:42:00,563 - APIFunctions - INFO - Preliminary analysis details for AUDIIND-793 are below
2025-03-03 09:42:00,563 - APIFunctions - INFO - {'imei': '355105400949549', 'state': 'VIN_MAPPED', 'iccid': '8991900991298741235F', 'deviceType': 'ICE', 'firmware': '1.0.0.6', 'vin': 'WAUZDK4M7KY000373', 'carId': '0dbbc2e2-5570-48fb-8f81-4d00550f49b9', 'dealerName': 'Audi Gurugram', 'dealerCode': '30408', 'lastSeen': 'NA', 'status': 'NA', 'firstName': 'NA', 'email': 'NA', 'phone': 'NA', 'jiraTicket': 'AUDIIND-793'}
2025-03-03 09:42:01,548 - APIFunctions - INFO - Preliminary analysis added in AUDIIND-793.
2025-03-03 09:42:02,539 - APIFunctions - INFO - Ticket status changes for AUDIIND-795.
2025-03-03 09:42:03,762 - APIFunctions - INFO - Ticket status changes for AUDIIND-794.
2025-03-03 09:42:05,040 - APIFunctions - INFO - Ticket status changes for AUDIIND-793.
2025-03-03 09:42:06,150 - APIFunctions - INFO - Ticket assignee is changed for AUDIIND-795.
2025-03-03 09:42:07,043 - APIFunctions - INFO - Ticket assignee is changed for AUDIIND-794.
2025-03-03 09:42:07,831 - APIFunctions - INFO - Ticket assignee is changed for AUDIIND-793.
