2025-01-20 09:45:50,253 - Main - INFO - Start
2025-01-20 09:45:52,796 - APIFunctions - INFO - VIN not present in ticket description
2025-01-20 09:45:52,796 - APIFunctions - INFO - Jira tickets list:
2025-01-20 09:45:52,796 - APIFunctions - INFO - {'key': 'AUDIIND-762', 'imei': ['355105401972185'], 'vin': 'NA'}
2025-01-20 09:45:52,796 - APIFunctions - INFO - {'key': 'AUDIIND-761', 'imei': ['355105401636798'], 'vin': 'WAUZHRFY2RY700650'}
2025-01-20 09:45:52,796 - Main - INFO - 2 tickets to process
2025-01-20 09:45:53,292 - APIFunctions - INFO - Cerence Token generated.
2025-01-20 09:45:53,292 - APIFunctions - INFO - {'key': 'AUDIIND-762', 'imei': ['355105401972185'], 'vin': 'NA'}
2025-01-20 09:45:53,292 - APIFunctions - INFO - 355105401972185
2025-01-20 09:45:53,653 - APIFunctions - INFO - Last seen received for 355105401972185
2025-01-20 09:45:53,878 - APIFunctions - INFO - Device status received for 355105401972185
2025-01-20 09:45:54,109 - APIFunctions - INFO - User details received for 355105401972185
2025-01-20 09:45:54,109 - APIFunctions - INFO - {'key': 'AUDIIND-761', 'imei': ['355105401636798'], 'vin': 'WAUZHRFY2RY700650'}
2025-01-20 09:45:54,109 - APIFunctions - INFO - 355105401636798
2025-01-20 09:45:54,249 - APIFunctions - INFO - Preliminary analysis details for AUDIIND-762 are below
2025-01-20 09:45:54,249 - APIFunctions - INFO - {'imei': '355105401972185', 'state': 'USER_MAPPED', 'iccid': '8991900992444316591F', 'deviceType': 'ICE', 'firmware': '1.0.0.06', 'vin': 'WAUZLRF33RY702961', 'carId': '9c4ea9e8-2fad-4b64-b6b4-b18b86be68fb', 'dealerName': 'Audi Ahmedabad', 'dealerCode': '30111', 'lastSeen': datetime.datetime(2025, 1, 20, 7, 13, 59, tzinfo=datetime.timezone(datetime.timedelta(seconds=19800))), 'status': 'sleep', 'firstName': 'Parth', 'email': 'parthdpatel@gmail.com', 'phone': '+919909900646', 'jiraTicket': 'AUDIIND-762'}
2025-01-20 09:45:55,102 - APIFunctions - INFO - Preliminary analysis added in AUDIIND-762.
2025-01-20 09:45:55,102 - APIFunctions - INFO - Preliminary analysis details for AUDIIND-761 are below
2025-01-20 09:45:55,102 - APIFunctions - INFO - {'imei': '355105401636798', 'state': 'ACTIVATED', 'iccid': '8991900991378955432F', 'deviceType': 'ICE', 'firmware': '1.0.0.06', 'vin': 'NA', 'carId': 'NA', 'dealerName': 'Audi Rajkot', 'dealerCode': '30411', 'lastSeen': 'NA', 'status': 'NA', 'firstName': 'NA', 'email': 'NA', 'phone': 'NA', 'jiraTicket': 'AUDIIND-761'}
2025-01-20 09:45:56,276 - APIFunctions - INFO - Preliminary analysis added in AUDIIND-761.
2025-01-20 09:45:57,309 - APIFunctions - INFO - Ticket status changes for AUDIIND-762.
2025-01-20 09:45:58,340 - APIFunctions - INFO - Ticket status changes for AUDIIND-761.
2025-01-20 09:45:59,148 - APIFunctions - INFO - Ticket assignee is changed for AUDIIND-762.
2025-01-20 09:46:00,725 - APIFunctions - INFO - Ticket assignee is changed for AUDIIND-761.
